[15-Mar-2026 15:44:44 Europe/Paris] PHP Fatal error:  Uncaught PDOException: SQLSTATE[22P02]: Invalid text representation: 7 ERREUR:  syntaxe en entrée invalide pour le type boolean : «  »
CONTEXT:  paramètre de portail non nommé $3 = '' in C:\xampp\htdocs\mairie\security\rate_limiter.php:44
Stack trace:
#0 C:\xampp\htdocs\mairie\security\rate_limiter.php(44): PDOStatement->execute(Array)
#1 C:\xampp\htdocs\mairie\login.php(72): RateLimiter->record('admin@mairie.fr', false)
#2 {main}
  thrown in C:\xampp\htdocs\mairie\security\rate_limiter.php on line 44
[15-Mar-2026 15:46:41 Europe/Paris] PHP Fatal error:  Uncaught PDOException: SQLSTATE[22P02]: Invalid text representation: 7 ERREUR:  syntaxe en entrée invalide pour le type boolean : «  »
CONTEXT:  paramètre de portail non nommé $3 = '' in C:\xampp\htdocs\mairie\security\rate_limiter.php:44
Stack trace:
#0 C:\xampp\htdocs\mairie\security\rate_limiter.php(44): PDOStatement->execute(Array)
#1 C:\xampp\htdocs\mairie\login.php(72): RateLimiter->record('admin@mairie.fr', false)
#2 {main}
  thrown in C:\xampp\htdocs\mairie\security\rate_limiter.php on line 44
[15-Mar-2026 15:50:25 Europe/Paris] PHP Fatal error:  Uncaught PDOException: SQLSTATE[22P02]: Invalid text representation: 7 ERREUR:  syntaxe en entrée invalide pour le type boolean : «  »
CONTEXT:  paramètre de portail non nommé $3 = '' in C:\xampp\htdocs\mairie\security\rate_limiter.php:44
Stack trace:
#0 C:\xampp\htdocs\mairie\security\rate_limiter.php(44): PDOStatement->execute(Array)
#1 C:\xampp\htdocs\mairie\login.php(72): RateLimiter->record('admin@mairie.fr', false)
#2 {main}
  thrown in C:\xampp\htdocs\mairie\security\rate_limiter.php on line 44
[15-Mar-2026 15:50:29 Europe/Paris] PHP Fatal error:  Uncaught PDOException: SQLSTATE[22P02]: Invalid text representation: 7 ERREUR:  syntaxe en entrée invalide pour le type boolean : «  »
CONTEXT:  paramètre de portail non nommé $3 = '' in C:\xampp\htdocs\mairie\security\rate_limiter.php:44
Stack trace:
#0 C:\xampp\htdocs\mairie\security\rate_limiter.php(44): PDOStatement->execute(Array)
#1 C:\xampp\htdocs\mairie\login.php(72): RateLimiter->record('admin@mairie.fr', false)
#2 {main}
  thrown in C:\xampp\htdocs\mairie\security\rate_limiter.php on line 44
[15-Mar-2026 15:26:00 Europe/Paris] PHP Fatal error:  Uncaught PDOException: SQLSTATE[22P02]: Invalid text representation: 7 ERREUR:  syntaxe en entrée invalide pour le type boolean : «  »
CONTEXT:  paramètre de portail non nommé $3 = '' in C:\xampp\htdocs\mairie\security\rate_limiter.php:44
Stack trace:
#0 C:\xampp\htdocs\mairie\security\rate_limiter.php(44): PDOStatement->execute(Array)
#1 C:\xampp\htdocs\mairie\login.php(72): RateLimiter->record('admin@mairie.fr', false)
#2 {main}
  thrown in C:\xampp\htdocs\mairie\security\rate_limiter.php on line 44
[15-Mar-2026 15:26:56 Europe/Paris] PHP Fatal error:  Uncaught PDOException: SQLSTATE[22P02]: Invalid text representation: 7 ERREUR:  syntaxe en entrée invalide pour le type boolean : «  »
CONTEXT:  paramètre de portail non nommé $3 = '' in C:\xampp\htdocs\mairie\security\rate_limiter.php:44
Stack trace:
#0 C:\xampp\htdocs\mairie\security\rate_limiter.php(44): PDOStatement->execute(Array)
#1 C:\xampp\htdocs\mairie\login.php(72): RateLimiter->record('admin@mairie.fr', false)
#2 {main}
  thrown in C:\xampp\htdocs\mairie\security\rate_limiter.php on line 44
[15-Mar-2026 15:27:19 Europe/Paris] PHP Fatal error:  Uncaught PDOException: SQLSTATE[22P02]: Invalid text representation: 7 ERREUR:  syntaxe en entrée invalide pour le type boolean : «  »
CONTEXT:  paramètre de portail non nommé $3 = '' in C:\xampp\htdocs\mairie\security\rate_limiter.php:44
Stack trace:
#0 C:\xampp\htdocs\mairie\security\rate_limiter.php(44): PDOStatement->execute(Array)
#1 C:\xampp\htdocs\mairie\login.php(72): RateLimiter->record('admin@mairie.fr', false)
#2 {main}
  thrown in C:\xampp\htdocs\mairie\security\rate_limiter.php on line 44
[15-Mar-2026 15:27:28 Europe/Paris] PHP Fatal error:  Uncaught PDOException: SQLSTATE[22P02]: Invalid text representation: 7 ERREUR:  syntaxe en entrée invalide pour le type boolean : «  »
CONTEXT:  paramètre de portail non nommé $3 = '' in C:\xampp\htdocs\mairie\security\rate_limiter.php:44
Stack trace:
#0 C:\xampp\htdocs\mairie\security\rate_limiter.php(44): PDOStatement->execute(Array)
#1 C:\xampp\htdocs\mairie\login.php(72): RateLimiter->record('admin@mairie.fr', false)
#2 {main}
  thrown in C:\xampp\htdocs\mairie\security\rate_limiter.php on line 44
[15-Mar-2026 15:30:13 Europe/Paris] PHP Fatal error:  Uncaught PDOException: SQLSTATE[22P02]: Invalid text representation: 7 ERREUR:  syntaxe en entrée invalide pour le type boolean : «  »
CONTEXT:  paramètre de portail non nommé $3 = '' in C:\xampp\htdocs\mairie\security\rate_limiter.php:44
Stack trace:
#0 C:\xampp\htdocs\mairie\security\rate_limiter.php(44): PDOStatement->execute(Array)
#1 C:\xampp\htdocs\mairie\login.php(72): RateLimiter->record('admin@mairie.fr', false)
#2 {main}
  thrown in C:\xampp\htdocs\mairie\security\rate_limiter.php on line 44
[15-Mar-2026 15:31:53 Europe/Paris] PHP Fatal error:  Uncaught PDOException: SQLSTATE[22P02]: Invalid text representation: 7 ERREUR:  syntaxe en entrée invalide pour le type boolean : «  »
CONTEXT:  paramètre de portail non nommé $3 = '' in C:\xampp\htdocs\mairie\security\rate_limiter.php:44
Stack trace:
#0 C:\xampp\htdocs\mairie\security\rate_limiter.php(44): PDOStatement->execute(Array)
#1 C:\xampp\htdocs\mairie\login.php(72): RateLimiter->record('admin@mairie.fr', false)
#2 {main}
  thrown in C:\xampp\htdocs\mairie\security\rate_limiter.php on line 44
[15-Mar-2026 15:32:26 Europe/Paris] PHP Fatal error:  Uncaught PDOException: SQLSTATE[22P02]: Invalid text representation: 7 ERREUR:  syntaxe en entrée invalide pour le type boolean : «  »
CONTEXT:  paramètre de portail non nommé $3 = '' in C:\xampp\htdocs\mairie\security\rate_limiter.php:44
Stack trace:
#0 C:\xampp\htdocs\mairie\security\rate_limiter.php(44): PDOStatement->execute(Array)
#1 C:\xampp\htdocs\mairie\login.php(72): RateLimiter->record('admin@mairie.fr', false)
#2 {main}
  thrown in C:\xampp\htdocs\mairie\security\rate_limiter.php on line 44
[15-Mar-2026 15:37:43 Europe/Paris] PHP Fatal error:  Uncaught PDOException: SQLSTATE[22P02]: Invalid text representation: 7 ERREUR:  syntaxe en entrée invalide pour le type boolean : «  »
CONTEXT:  paramètre de portail non nommé $3 = '' in C:\xampp\htdocs\mairie\security\rate_limiter.php:44
Stack trace:
#0 C:\xampp\htdocs\mairie\security\rate_limiter.php(44): PDOStatement->execute(Array)
#1 C:\xampp\htdocs\mairie\login.php(72): RateLimiter->record('admin@mairie.fr', false)
#2 {main}
  thrown in C:\xampp\htdocs\mairie\security\rate_limiter.php on line 44
[15-Mar-2026 15:39:47 Europe/Paris] PHP Fatal error:  Uncaught PDOException: SQLSTATE[22P02]: Invalid text representation: 7 ERREUR:  syntaxe en entrée invalide pour le type boolean : «  »
CONTEXT:  paramètre de portail non nommé $3 = '' in C:\xampp\htdocs\mairie\security\rate_limiter.php:44
Stack trace:
#0 C:\xampp\htdocs\mairie\security\rate_limiter.php(44): PDOStatement->execute(Array)
#1 C:\xampp\htdocs\mairie\login.php(72): RateLimiter->record('admin@mairie.fr', false)
#2 {main}
  thrown in C:\xampp\htdocs\mairie\security\rate_limiter.php on line 44
[15-Mar-2026 15:43:05 Europe/Paris] PHP Fatal error:  Uncaught PDOException: SQLSTATE[22P02]: Invalid text representation: 7 ERREUR:  syntaxe en entrée invalide pour le type boolean : «  »
CONTEXT:  paramètre de portail non nommé $3 = '' in C:\xampp\htdocs\mairie\security\rate_limiter.php:44
Stack trace:
#0 C:\xampp\htdocs\mairie\security\rate_limiter.php(44): PDOStatement->execute(Array)
#1 C:\xampp\htdocs\mairie\login.php(72): RateLimiter->record('admin@mairie.fr', false)
#2 {main}
  thrown in C:\xampp\htdocs\mairie\security\rate_limiter.php on line 44
[15-Mar-2026 15:47:03 Europe/Paris] PHP Fatal error:  Uncaught PDOException: SQLSTATE[22P02]: Invalid text representation: 7 ERREUR:  syntaxe en entrée invalide pour le type boolean : «  »
CONTEXT:  paramètre de portail non nommé $3 = '' in C:\xampp\htdocs\mairie\security\rate_limiter.php:44
Stack trace:
#0 C:\xampp\htdocs\mairie\security\rate_limiter.php(44): PDOStatement->execute(Array)
#1 C:\xampp\htdocs\mairie\login.php(72): RateLimiter->record('admin@mairie.fr', false)
#2 {main}
  thrown in C:\xampp\htdocs\mairie\security\rate_limiter.php on line 44
[15-Mar-2026 15:47:11 Europe/Paris] PHP Fatal error:  Uncaught PDOException: SQLSTATE[22P02]: Invalid text representation: 7 ERREUR:  syntaxe en entrée invalide pour le type boolean : «  »
CONTEXT:  paramètre de portail non nommé $3 = '' in C:\xampp\htdocs\mairie\security\rate_limiter.php:44
Stack trace:
#0 C:\xampp\htdocs\mairie\security\rate_limiter.php(44): PDOStatement->execute(Array)
#1 C:\xampp\htdocs\mairie\login.php(72): RateLimiter->record('admin@mairie.fr', false)
#2 {main}
  thrown in C:\xampp\htdocs\mairie\security\rate_limiter.php on line 44
[15-Mar-2026 15:48:04 Europe/Paris] PHP Fatal error:  Uncaught PDOException: SQLSTATE[22P02]: Invalid text representation: 7 ERREUR:  syntaxe en entrée invalide pour le type boolean : «  »
CONTEXT:  paramètre de portail non nommé $3 = '' in C:\xampp\htdocs\mairie\security\rate_limiter.php:44
Stack trace:
#0 C:\xampp\htdocs\mairie\security\rate_limiter.php(44): PDOStatement->execute(Array)
#1 C:\xampp\htdocs\mairie\login.php(72): RateLimiter->record('admin@mairie.fr', false)
#2 {main}
  thrown in C:\xampp\htdocs\mairie\security\rate_limiter.php on line 44
[15-Mar-2026 15:55:52 Europe/Paris] PHP Fatal error:  Uncaught PDOException: SQLSTATE[22P02]: Invalid text representation: 7 ERREUR:  syntaxe en entrée invalide pour le type boolean : «  »
CONTEXT:  paramètre de portail non nommé $3 = '' in C:\xampp\htdocs\mairie\security\rate_limiter.php:44
Stack trace:
#0 C:\xampp\htdocs\mairie\security\rate_limiter.php(44): PDOStatement->execute(Array)
#1 C:\xampp\htdocs\mairie\login.php(72): RateLimiter->record('admin@mairie.fr', false)
#2 {main}
  thrown in C:\xampp\htdocs\mairie\security\rate_limiter.php on line 44
[15-Mar-2026 16:16:20 Europe/Paris] PHP Fatal error:  Uncaught PDOException: SQLSTATE[42703]: Undefined column: 7 ERREUR:  la colonne « actif » n'existe pas
LINE 1: SELECT id, nom, prenom, email, password, role, actif FROM us...
                                                       ^ in C:\xampp\htdocs\mairie\login.php:46
Stack trace:
#0 C:\xampp\htdocs\mairie\login.php(46): PDOStatement->execute(Array)
#1 {main}
  thrown in C:\xampp\htdocs\mairie\login.php on line 46
[15-Mar-2026 15:35:07 Europe/Paris] Sync settings BDD : SQLSTATE[42601]: Syntax error: 7 ERREUR:  erreur de syntaxe sur ou près de « DUPLICATE »
LINE 1: ...s (setting_key, setting_value) VALUES ($1, $2) ON DUPLICATE ...
                                                             ^
[15-Mar-2026 15:36:29 Europe/Paris] PHP Fatal error:  Uncaught PDOException: SQLSTATE[42601]: Syntax error: 7 ERREUR:  erreur de syntaxe sur ou près de « 24 »
LINE 10:     WHERE attempted_at >= DATE_SUB(NOW(), INTERVAL 24 HOUR)
                                                            ^ in C:\xampp\htdocs\mairie\admin\login_attempts.php:30
Stack trace:
#0 C:\xampp\htdocs\mairie\admin\login_attempts.php(30): PDO->query('\n    SELECT\n   ...')
#1 {main}
  thrown in C:\xampp\htdocs\mairie\admin\login_attempts.php on line 30
[15-Mar-2026 15:36:52 Europe/Paris] PHP Warning:  require_once(../vendor/autoload.php): Failed to open stream: No such file or directory in C:\xampp\htdocs\mairie\admin\export.php on line 11
[15-Mar-2026 15:36:52 Europe/Paris] PHP Fatal error:  Uncaught Error: Failed opening required '../vendor/autoload.php' (include_path='\xampp\php\PEAR') in C:\xampp\htdocs\mairie\admin\export.php:11
Stack trace:
#0 {main}
  thrown in C:\xampp\htdocs\mairie\admin\export.php on line 11
[15-Mar-2026 16:00:38 Europe/Paris] PHP Warning:  require_once(../vendor/autoload.php): Failed to open stream: No such file or directory in C:\xampp\htdocs\mairie\admin\export.php on line 11
[15-Mar-2026 16:00:38 Europe/Paris] PHP Fatal error:  Uncaught Error: Failed opening required '../vendor/autoload.php' (include_path='\xampp\php\PEAR') in C:\xampp\htdocs\mairie\admin\export.php:11
Stack trace:
#0 {main}
  thrown in C:\xampp\htdocs\mairie\admin\export.php on line 11
[15-Mar-2026 16:03:12 Europe/Paris] PHP Fatal error:  Uncaught PDOException: SQLSTATE[42601]: Syntax error: 7 ERREUR:  erreur de syntaxe sur ou près de « 24 »
LINE 10:     WHERE attempted_at >= DATE_SUB(NOW(), INTERVAL 24 HOUR)
                                                            ^ in C:\xampp\htdocs\mairie\admin\login_attempts.php:30
Stack trace:
#0 C:\xampp\htdocs\mairie\admin\login_attempts.php(30): PDO->query('\n    SELECT\n   ...')
#1 {main}
  thrown in C:\xampp\htdocs\mairie\admin\login_attempts.php on line 30
[15-Mar-2026 15:24:11 Europe/Paris] PHP Fatal error:  Uncaught Error: Call to undefined method PDO::fetchColumn() in C:\xampp\htdocs\mairie\agent\statistiques.php:11
Stack trace:
#0 {main}
  thrown in C:\xampp\htdocs\mairie\agent\statistiques.php on line 11
[15-Mar-2026 15:26:48 Europe/Paris] PHP Warning:  require_once(../vendor/autoload.php): Failed to open stream: No such file or directory in C:\xampp\htdocs\mairie\admin\export.php on line 11
[15-Mar-2026 15:26:48 Europe/Paris] PHP Fatal error:  Uncaught Error: Failed opening required '../vendor/autoload.php' (include_path='\xampp\php\PEAR') in C:\xampp\htdocs\mairie\admin\export.php:11
Stack trace:
#0 {main}
  thrown in C:\xampp\htdocs\mairie\admin\export.php on line 11
[15-Mar-2026 15:30:57 Europe/Paris] Sync settings BDD : SQLSTATE[42601]: Syntax error: 7 ERREUR:  erreur de syntaxe sur ou près de « DUPLICATE »
LINE 1: ...s (setting_key, setting_value) VALUES ($1, $2) ON DUPLICATE ...
                                                             ^
[15-Mar-2026 16:10:11 Europe/Paris] PHP Fatal error:  Uncaught PDOException: SQLSTATE[42883]: Undefined function: 7 ERREUR:  l'opérateur n'existe pas : smallint = boolean
LINE 3:             WHERE ip = $1 AND success = FALSE AND attempted_...
                                              ^
HINT:  Aucun opérateur ne correspond au nom donné et aux types d'arguments.
Vous devez ajouter des conversions explicites de type. in C:\xampp\htdocs\mairie\security\rate_limiter.php:70
Stack trace:
#0 C:\xampp\htdocs\mairie\security\rate_limiter.php(70): PDOStatement->execute(Array)
#1 C:\xampp\htdocs\mairie\login.php(30): RateLimiter->check('julessane94@gma...')
#2 {main}
  thrown in C:\xampp\htdocs\mairie\security\rate_limiter.php on line 70
[15-Mar-2026 16:17:30 Europe/Paris] PHP Fatal error:  Uncaught PDOException: SQLSTATE[42883]: Undefined function: 7 ERREUR:  l'opérateur n'existe pas : smallint = boolean
LINE 3:         WHERE ip = $1 AND success = FALSE AND attempted_at >...
                                          ^
HINT:  Aucun opérateur ne correspond au nom donné et aux types d'arguments.
Vous devez ajouter des conversions explicites de type. in C:\xampp\htdocs\mairie\security\rate_limiter.php:75
Stack trace:
#0 C:\xampp\htdocs\mairie\security\rate_limiter.php(75): PDOStatement->execute(Array)
#1 C:\xampp\htdocs\mairie\login.php(30): RateLimiter->check('julessane94@gma...')
#2 {main}
  thrown in C:\xampp\htdocs\mairie\security\rate_limiter.php on line 75
[15-Mar-2026 16:22:08 Europe/Paris] PHP Fatal error:  Uncaught PDOException: SQLSTATE[42804]: Datatype mismatch: 7 ERREUR:  la colonne « success » est de type smallint mais l'expression est de type boolean
LINE 3:             VALUES ($1, $2, $3::boolean, NOW())
                                    ^
HINT:  Vous devez réécrire l'expression ou lui appliquer une transformation de type. in C:\xampp\htdocs\mairie\security\rate_limiter.php:50
Stack trace:
#0 C:\xampp\htdocs\mairie\security\rate_limiter.php(50): PDOStatement->execute(Array)
#1 C:\xampp\htdocs\mairie\login.php(72): RateLimiter->record('julessane94@gma...', false)
#2 {main}
  thrown in C:\xampp\htdocs\mairie\security\rate_limiter.php on line 50
[15-Mar-2026 15:25:58 Europe/Paris] PHP Fatal error:  Uncaught PDOException: SQLSTATE[42883]: Undefined function: 7 ERREUR:  l'opérateur n'existe pas : smallint = boolean
LINE 3:             WHERE ip = $1 AND success = FALSE AND attempted_...
                                              ^
HINT:  Aucun opérateur ne correspond au nom donné et aux types d'arguments.
Vous devez ajouter des conversions explicites de type. in C:\xampp\htdocs\mairie\security\rate_limiter.php:76
Stack trace:
#0 C:\xampp\htdocs\mairie\security\rate_limiter.php(76): PDOStatement->execute(Array)
#1 C:\xampp\htdocs\mairie\login.php(30): RateLimiter->check('julessane94@gma...')
#2 {main}
  thrown in C:\xampp\htdocs\mairie\security\rate_limiter.php on line 76
